src/components/BoardCalendarView.tsx(1,1): error TS6133: 'React' is declared but its value is never read.
src/components/BoardTableView.tsx(1,1): error TS6133: 'React' is declared but its value is never read.
src/components/BoardTimelineView.tsx(1,1): error TS6133: 'React' is declared but its value is never read.
src/main.tsx(1,1): error TS6133: 'StrictMode' is declared but its value is never read.
src/pages/BoardPage.tsx(19,5): error TS6133: 'Tabs' is declared but its value is never read.
src/pages/BoardPage.tsx(25,5): error TS6133: 'IconUsers' is declared but its value is never read.
src/pages/BoardPage.tsx(28,5): error TS6133: 'IconBriefcase' is declared but its value is never read.
src/pages/BoardPage.tsx(42,5): error TS6133: 'Droppable' is declared but its value is never read.
src/pages/BoardPage.tsx(56,32): error TS6133: 'deleteTask' is declared but its value is never read.
src/pages/BoardsPage.tsx(20,20): error TS6133: 'IconLayoutBoard' is declared but its value is never read.
src/pages/WorkspaceDashboard.tsx(15,5): error TS6133: 'ActionIcon' is declared but its value is never read.
src/pages/WorkspaceDetailsPage.tsx(25,108): error TS6133: 'WorkspaceMember' is declared but its value is never read.
