  Determining projects to restore...
  All projects are up-to-date for restore.
C:\Users\gmpab\Desktop\Scrum Trello\backend\Controllers\WorkspacesController.cs(183,29): error CS1061: 'Workspace' does not contain a definition for 'Invites' and no accessible extension method 'Invites' accepting a first argument of type 'Workspace' could be found (are you missing a using directive or an assembly reference?) [C:\Users\gmpab\Desktop\Scrum Trello\backend\Backend.csproj]
C:\Users\gmpab\Desktop\Scrum Trello\backend\Services\TaskService.cs(833,23): warning CS8602: Dereference of a possibly null reference. [C:\Users\gmpab\Desktop\Scrum Trello\backend\Backend.csproj]

Build FAILED.

C:\Users\gmpab\Desktop\Scrum Trello\backend\Services\TaskService.cs(833,23): warning CS8602: Dereference of a possibly null reference. [C:\Users\gmpab\Desktop\Scrum Trello\backend\Backend.csproj]
C:\Users\gmpab\Desktop\Scrum Trello\backend\Controllers\WorkspacesController.cs(183,29): error CS1061: 'Workspace' does not contain a definition for 'Invites' and no accessible extension method 'Invites' accepting a first argument of type 'Workspace' could be found (are you missing a using directive or an assembly reference?) [C:\Users\gmpab\Desktop\Scrum Trello\backend\Backend.csproj]
    1 Warning(s)
    1 Error(s)

Time Elapsed 00:00:03.36
