  Determining projects to restore...
  All projects are up-to-date for restore.
C:\Users\gmpab\Desktop\Scrum Trello\backend\Services\BoardService.cs(8,29): error CS0535: 'BoardService' does not implement interface member 'IBoardService.CloseBoardAsync(int, int)' [C:\Users\gmpab\Desktop\Scrum Trello\backend\Backend.csproj]
C:\Users\gmpab\Desktop\Scrum Trello\backend\Services\BoardService.cs(8,29): error CS0535: 'BoardService' does not implement interface member 'IBoardService.DeleteBoardAsync(int, int)' [C:\Users\gmpab\Desktop\Scrum Trello\backend\Backend.csproj]

Build FAILED.

C:\Users\gmpab\Desktop\Scrum Trello\backend\Services\BoardService.cs(8,29): error CS0535: 'BoardService' does not implement interface member 'IBoardService.CloseBoardAsync(int, int)' [C:\Users\gmpab\Desktop\Scrum Trello\backend\Backend.csproj]
C:\Users\gmpab\Desktop\Scrum Trello\backend\Services\BoardService.cs(8,29): error CS0535: 'BoardService' does not implement interface member 'IBoardService.DeleteBoardAsync(int, int)' [C:\Users\gmpab\Desktop\Scrum Trello\backend\Backend.csproj]
    0 Warning(s)
    2 Error(s)

Time Elapsed 00:00:02.43
